poll 1 t=15s status=running
poll 2 t=31s status=running
poll 3 t=46s status=running
poll 4 t=61s status=running
poll 5 t=78s status=running
poll 6 t=93s status=running
poll 7 t=109s status=running
poll 8 t=125s status=running
poll 9 t=140s status=running
poll 10 t=156s status=running
poll 11 t=172s status=running
poll 12 t=187s status=running
poll 13 t=202s status=running
poll 14 t=218s status=running
poll 15 t=233s status=running
poll 16 t=248s status=running
poll 17 t=264s status=running
poll 18 t=279s status=running
poll 19 t=295s status=completed
status: completed | data_source: database
  data_source                present=True value=database
  feature_role_panel         present=False value=None
  anchored_confounders       present=False value=None
  approved_structure_roles   present=False value=None
  approved_leak_exclusions   present=False value=None
  structural_prior           present=False value=None
  dag_source                 present=True value=domain_knowledge
  discovered_confounders     present=True value=[]
structural/prior warnings: ["structural prior not applied: the dataset declares no feature_manifest_source, so no authored structure can be matched to it"]
ate: 0.007056123869614513 ci: [-0.0053728049252601395, 0.019485052664489168] p: 0.26583454458398803
PRE-B  ate: 0.007056123869614513 ci: [-0.0053728049252601395, 0.019485052664489168] data_source: synthetic
keys only in POST: ['_probe']
keys only in PRE : ['_cert']
exit=0
