{
  "version": "1.5.0",
  "plugins_used": [
    {
      "name": "ArtifactoryDetector"
    },
    {
      "name": "AWSKeyDetector"
    },
    {
      "name": "AzureStorageKeyDetector"
    },
    {
      "name": "Base64HighEntropyString",
      "limit": 4.5
    },
    {
      "name": "BasicAuthDetector"
    },
    {
      "name": "CloudantDetector"
    },
    {
      "name": "DiscordBotTokenDetector"
    },
    {
      "name": "GitHubTokenDetector"
    },
    {
      "name": "GitLabTokenDetector"
    },
    {
      "name": "HexHighEntropyString",
      "limit": 3.0
    },
    {
      "name": "IbmCloudIamDetector"
    },
    {
      "name": "IbmCosHmacDetector"
    },
    {
      "name": "IPPublicDetector"
    },
    {
      "name": "JwtTokenDetector"
    },
    {
      "name": "KeywordDetector",
      "keyword_exclude": ""
    },
    {
      "name": "MailchimpDetector"
    },
    {
      "name": "NpmDetector"
    },
    {
      "name": "OpenAIDetector"
    },
    {
      "name": "PrivateKeyDetector"
    },
    {
      "name": "PypiTokenDetector"
    },
    {
      "name": "SendGridDetector"
    },
    {
      "name": "SlackDetector"
    },
    {
      "name": "SoftlayerDetector"
    },
    {
      "name": "SquareOAuthDetector"
    },
    {
      "name": "StripeDetector"
    },
    {
      "name": "TelegramBotTokenDetector"
    },
    {
      "name": "TwilioKeyDetector"
    }
  ],
  "filters_used": [
    {
      "path": "detect_secrets.filters.allowlist.is_line_allowlisted"
    },
    {
      "path": "detect_secrets.filters.common.is_ignored_due_to_verification_policies",
      "min_level": 2
    },
    {
      "path": "detect_secrets.filters.heuristic.is_indirect_reference"
    },
    {
      "path": "detect_secrets.filters.heuristic.is_likely_id_string"
    },
    {
      "path": "detect_secrets.filters.heuristic.is_lock_file"
    },
    {
      "path": "detect_secrets.filters.heuristic.is_not_alphanumeric_string"
    },
    {
      "path": "detect_secrets.filters.heuristic.is_potential_uuid"
    },
    {
      "path": "detect_secrets.filters.heuristic.is_prefixed_with_dollar_sign"
    },
    {
      "path": "detect_secrets.filters.heuristic.is_sequential_string"
    },
    {
      "path": "detect_secrets.filters.heuristic.is_swagger_file"
    },
    {
      "path": "detect_secrets.filters.heuristic.is_templated_secret"
    },
    {
      "path": "detect_secrets.filters.regex.should_exclude_file",
      "pattern": [
        "\\.env$",
        "node_modules/",
        "\\.venv/",
        "htmlcov/",
        "\\.secrets\\.baseline$",
        "data/synthetic/"
      ]
    }
  ],
  "results": {
    ".env.example": [
      {
        "type": "Basic Auth Credentials",
        "filename": ".env.example",
        "hashed_secret": "5baa61e4c9b93f3f0682250b6cf8331b7ee68fd8",
        "is_verified": false,
        "line_number": 151
      }
    ],
    ".github/workflows/backend-tests.yml": [
      {
        "type": "Secret Keyword",
        "filename": ".github/workflows/backend-tests.yml",
        "hashed_secret": "3acfb2c2b433c0ea7ff107e33df91b18e52f960f",
        "is_verified": false,
        "line_number": 86
      }
    ],
    "INFRASTRUCTURE.md": [
      {
        "type": "Basic Auth Credentials",
        "filename": "INFRASTRUCTURE.md",
        "hashed_secret": "981eb7e146cab5b17b4c7f5f12af441d36d0cc36",
        "is_verified": false,
        "line_number": 430
      }
    ],
    "QUICK_START.md": [
      {
        "type": "Basic Auth Credentials",
        "filename": "QUICK_START.md",
        "hashed_secret": "5baa61e4c9b93f3f0682250b6cf8331b7ee68fd8",
        "is_verified": false,
        "line_number": 24
      },
      {
        "type": "Basic Auth Credentials",
        "filename": "QUICK_START.md",
        "hashed_secret": "45d676e7c6ab44cf4b8fa366ef2d8fccd3e6d6e6",
        "is_verified": false,
        "line_number": 176
      }
    ],
    "config/observability.yaml": [
      {
        "type": "Secret Keyword",
        "filename": "config/observability.yaml",
        "hashed_secret": "8ebac6bac5bd473daecded30046678825d77eee1",
        "is_verified": false,
        "line_number": 49
      }
    ],
    "docker/env.example": [
      {
        "type": "Basic Auth Credentials",
        "filename": "docker/env.example",
        "hashed_secret": "45d676e7c6ab44cf4b8fa366ef2d8fccd3e6d6e6",
        "is_verified": false,
        "line_number": 21
      }
    ],
    "docker/supabase/.env.template": [
      {
        "type": "Secret Keyword",
        "filename": "docker/supabase/.env.template",
        "hashed_secret": "61d4f26f92cfd1cda6eaab8ec04b7f2ef210bb09",
        "is_verified": false,
        "line_number": 16
      },
      {
        "type": "Secret Keyword",
        "filename": "docker/supabase/.env.template",
        "hashed_secret": "ee63a69af3836574f0fd8522bff4410619aab895",
        "is_verified": false,
        "line_number": 20
      },
      {
        "type": "Secret Keyword",
        "filename": "docker/supabase/.env.template",
        "hashed_secret": "1b69b083f77cb9c47810db0f80a0c9bb55c21329",
        "is_verified": false,
        "line_number": 29
      }
    ],
    "docs/ONBOARDING.md": [
      {
        "type": "Basic Auth Credentials",
        "filename": "docs/ONBOARDING.md",
        "hashed_secret": "5baa61e4c9b93f3f0682250b6cf8331b7ee68fd8",
        "is_verified": false,
        "line_number": 111
      }
    ],
    "frontend/public/mockServiceWorker.js": [
      {
        "type": "Hex High Entropy String",
        "filename": "frontend/public/mockServiceWorker.js",
        "hashed_secret": "992fb17b2709e520bb55b00bf985b02964b806cf",
        "is_verified": false,
        "line_number": 11
      }
    ],
    "frontend/src/providers/AuthProvider.tsx": [
      {
        "type": "Secret Keyword",
        "filename": "frontend/src/providers/AuthProvider.tsx",
        "hashed_secret": "e8845a1e48c41138e9990aa444e7b7838024d31c",
        "is_verified": false,
        "line_number": 99
      }
    ],
    "scripts/run_migration.py": [
      {
        "type": "Basic Auth Credentials",
        "filename": "scripts/run_migration.py",
        "hashed_secret": "5baa61e4c9b93f3f0682250b6cf8331b7ee68fd8",
        "is_verified": false,
        "line_number": 78
      }
    ],
    "scripts/run_migrations.sh": [
      {
        "type": "Basic Auth Credentials",
        "filename": "scripts/run_migrations.sh",
        "hashed_secret": "9d4e1e23bd5b727046a9e3b4b7db57bd8d6ee684",
        "is_verified": false,
        "line_number": 48
      }
    ],
    "scripts/supabase/README.md": [
      {
        "type": "Secret Keyword",
        "filename": "scripts/supabase/README.md",
        "hashed_secret": "45d676e7c6ab44cf4b8fa366ef2d8fccd3e6d6e6",
        "is_verified": false,
        "line_number": 45
      }
    ],
    "tests/api/test_audit_endpoints.py": [
      {
        "type": "Hex High Entropy String",
        "filename": "tests/api/test_audit_endpoints.py",
        "hashed_secret": "90bd1b48e958257948487b90bee080ba5ed00caa",
        "is_verified": false,
        "line_number": 59
      }
    ],
    "tests/integration/test_falkordb_authentication.py": [
      {
        "type": "Secret Keyword",
        "filename": "tests/integration/test_falkordb_authentication.py",
        "hashed_secret": "6722841cf14d94e0e363dd4ea089ec1f29658201",
        "is_verified": false,
        "line_number": 489
      },
      {
        "type": "Secret Keyword",
        "filename": "tests/integration/test_falkordb_authentication.py",
        "hashed_secret": "65267f17fb75be798f0179bd8a97dc37d4846bf5",
        "is_verified": false,
        "line_number": 516
      }
    ],
    "tests/rag/test_causal_rag.py": [
      {
        "type": "Secret Keyword",
        "filename": "tests/rag/test_causal_rag.py",
        "hashed_secret": "3acfb2c2b433c0ea7ff107e33df91b18e52f960f",
        "is_verified": false,
        "line_number": 522
      }
    ],
    "tests/security/test_credential_handling.py": [
      {
        "type": "Secret Keyword",
        "filename": "tests/security/test_credential_handling.py",
        "hashed_secret": "c111097e921440b7761e22e2f63f740001aad853",
        "is_verified": false,
        "line_number": 99
      },
      {
        "type": "Secret Keyword",
        "filename": "tests/security/test_credential_handling.py",
        "hashed_secret": "607650f6a72ccac6627a6b3a80b90ce670f99c48",
        "is_verified": false,
        "line_number": 209
      },
      {
        "type": "Secret Keyword",
        "filename": "tests/security/test_credential_handling.py",
        "hashed_secret": "2e327a55db88503db3918cc214e503e6ad2f316d",
        "is_verified": false,
        "line_number": 254
      }
    ],
    "tests/unit/test_agents/test_experiment_designer/conftest.py": [
      {
        "type": "Secret Keyword",
        "filename": "tests/unit/test_agents/test_experiment_designer/conftest.py",
        "hashed_secret": "8097d9ebe954fea25a3a6067b4ca9cce17515106",
        "is_verified": false,
        "line_number": 18
      }
    ],
    "tests/unit/test_agents/test_ml_foundation/test_observability_connector/test_config.py": [
      {
        "type": "Secret Keyword",
        "filename": "tests/unit/test_agents/test_ml_foundation/test_observability_connector/test_config.py",
        "hashed_secret": "8ebac6bac5bd473daecded30046678825d77eee1",
        "is_verified": false,
        "line_number": 45
      },
      {
        "type": "Secret Keyword",
        "filename": "tests/unit/test_agents/test_ml_foundation/test_observability_connector/test_config.py",
        "hashed_secret": "3acfb2c2b433c0ea7ff107e33df91b18e52f960f",
        "is_verified": false,
        "line_number": 176
      }
    ],
    "tests/unit/test_agents/test_ml_foundation/test_observability_connector/test_context_manager.py": [
      {
        "type": "Hex High Entropy String",
        "filename": "tests/unit/test_agents/test_ml_foundation/test_observability_connector/test_context_manager.py",
        "hashed_secret": "0a24796d4c71ce722a92f450f69dc36c60b21de4",
        "is_verified": false,
        "line_number": 171
      },
      {
        "type": "Hex High Entropy String",
        "filename": "tests/unit/test_agents/test_ml_foundation/test_observability_connector/test_context_manager.py",
        "hashed_secret": "8750a512f22c55598175aee8790ae2470ec88d16",
        "is_verified": false,
        "line_number": 172
      }
    ],
    "tests/unit/test_api/test_middleware/test_rate_limit.py": [
      {
        "type": "Secret Keyword",
        "filename": "tests/unit/test_api/test_middleware/test_rate_limit.py",
        "hashed_secret": "91ed7fc05f17402c1885d21d114fea52aea3208c",
        "is_verified": false,
        "line_number": 353
      },
      {
        "type": "Secret Keyword",
        "filename": "tests/unit/test_api/test_middleware/test_rate_limit.py",
        "hashed_secret": "34f14f38544921d42c9a474e88bc4a143ca5696d",
        "is_verified": false,
        "line_number": 371
      },
      {
        "type": "Secret Keyword",
        "filename": "tests/unit/test_api/test_middleware/test_rate_limit.py",
        "hashed_secret": "f3c879d672133777fecdd9d8cc4fb40687b08ed0",
        "is_verified": false,
        "line_number": 388
      }
    ],
    "tests/unit/test_api/test_middleware/test_tracing.py": [
      {
        "type": "Hex High Entropy String",
        "filename": "tests/unit/test_api/test_middleware/test_tracing.py",
        "hashed_secret": "fd453a9b103315014d389271170e6c1c9f678a23",
        "is_verified": false,
        "line_number": 130
      },
      {
        "type": "Hex High Entropy String",
        "filename": "tests/unit/test_api/test_middleware/test_tracing.py",
        "hashed_secret": "8d536e21012b6d2737e3193852b5a2e763ce22a8",
        "is_verified": false,
        "line_number": 131
      },
      {
        "type": "Hex High Entropy String",
        "filename": "tests/unit/test_api/test_middleware/test_tracing.py",
        "hashed_secret": "f8cd5445befbe2f6335c850cf1106f1647d5f443",
        "is_verified": false,
        "line_number": 132
      },
      {
        "type": "Hex High Entropy String",
        "filename": "tests/unit/test_api/test_middleware/test_tracing.py",
        "hashed_secret": "0a24796d4c71ce722a92f450f69dc36c60b21de4",
        "is_verified": false,
        "line_number": 216
      }
    ],
    "tests/unit/test_api/test_routes/test_copilotkit.py": [
      {
        "type": "Secret Keyword",
        "filename": "tests/unit/test_api/test_routes/test_copilotkit.py",
        "hashed_secret": "3acfb2c2b433c0ea7ff107e33df91b18e52f960f",
        "is_verified": false,
        "line_number": 352
      }
    ],
    "tests/unit/test_causal_engine/test_dag_hash.py": [
      {
        "type": "Hex High Entropy String",
        "filename": "tests/unit/test_causal_engine/test_dag_hash.py",
        "hashed_secret": "4b1a0a77ffad8422b4602c06faa8aeed063851fc",
        "is_verified": false,
        "line_number": 411
      }
    ],
    "tests/unit/test_causal_engine/test_energy_score/test_mlflow_tracker.py": [
      {
        "type": "Basic Auth Credentials",
        "filename": "tests/unit/test_causal_engine/test_energy_score/test_mlflow_tracker.py",
        "hashed_secret": "9d4e1e23bd5b727046a9e3b4b7db57bd8d6ee684",
        "is_verified": false,
        "line_number": 162
      }
    ],
    "tests/unit/test_mlops/test_data_lineage.py": [
      {
        "type": "Hex High Entropy String",
        "filename": "tests/unit/test_mlops/test_data_lineage.py",
        "hashed_secret": "90bd1b48e958257948487b90bee080ba5ed00caa",
        "is_verified": false,
        "line_number": 168
      }
    ],
    "tests/unit/test_mlops/test_opik_connector.py": [
      {
        "type": "Secret Keyword",
        "filename": "tests/unit/test_mlops/test_opik_connector.py",
        "hashed_secret": "ed65c049bb2f78ee4f703b2158ba9cc6ea31fb7e",
        "is_verified": false,
        "line_number": 62
      }
    ],
    "tests/unit/test_rag/test_embeddings.py": [
      {
        "type": "Secret Keyword",
        "filename": "tests/unit/test_rag/test_embeddings.py",
        "hashed_secret": "2e7a7ee14caebf378fc32d6cf6f557f347c96773",
        "is_verified": false,
        "line_number": 86
      },
      {
        "type": "Secret Keyword",
        "filename": "tests/unit/test_rag/test_embeddings.py",
        "hashed_secret": "74f513eb6f61ab2a2263233597ada27c44a11262",
        "is_verified": false,
        "line_number": 221
      },
      {
        "type": "Secret Keyword",
        "filename": "tests/unit/test_rag/test_embeddings.py",
        "hashed_secret": "3acfb2c2b433c0ea7ff107e33df91b18e52f960f",
        "is_verified": false,
        "line_number": 564
      }
    ],
    "tests/unit/test_rag/test_evaluation.py": [
      {
        "type": "Secret Keyword",
        "filename": "tests/unit/test_rag/test_evaluation.py",
        "hashed_secret": "3acfb2c2b433c0ea7ff107e33df91b18e52f960f",
        "is_verified": false,
        "line_number": 254
      }
    ],
    "tests/unit/test_rag/test_query_optimizer.py": [
      {
        "type": "Secret Keyword",
        "filename": "tests/unit/test_rag/test_query_optimizer.py",
        "hashed_secret": "3acfb2c2b433c0ea7ff107e33df91b18e52f960f",
        "is_verified": false,
        "line_number": 232
      }
    ],
    "tests/unit/test_services/test_alert_routing.py": [
      {
        "type": "Secret Keyword",
        "filename": "tests/unit/test_services/test_alert_routing.py",
        "hashed_secret": "9d4e1e23bd5b727046a9e3b4b7db57bd8d6ee684",
        "is_verified": false,
        "line_number": 42
      }
    ],
    "tests/unit/test_services/test_alert_routing_concept_drift.py": [
      {
        "type": "Secret Keyword",
        "filename": "tests/unit/test_services/test_alert_routing_concept_drift.py",
        "hashed_secret": "9d4e1e23bd5b727046a9e3b4b7db57bd8d6ee684",
        "is_verified": false,
        "line_number": 132
      }
    ],
    "tests/unit/test_utils/test_llm_factory.py": [
      {
        "type": "Secret Keyword",
        "filename": "tests/unit/test_utils/test_llm_factory.py",
        "hashed_secret": "3acfb2c2b433c0ea7ff107e33df91b18e52f960f",
        "is_verified": false,
        "line_number": 120
      },
      {
        "type": "Secret Keyword",
        "filename": "tests/unit/test_utils/test_llm_factory.py",
        "hashed_secret": "2e7a7ee14caebf378fc32d6cf6f557f347c96773",
        "is_verified": false,
        "line_number": 242
      }
    ]
  },
  "generated_at": "2026-02-07T18:22:56Z"
}
