started 2026-09-28T13:35:42Z  src=/home/enunez/Projects/e2i_causal_analytics/.worktrees/twin-adopted-repoint/src/__init__.py
LOAD  Remibrutinib   1.41s pairs=3366 joined=3366 unjoined=0
AVAIL Remibrutinib   1.11s errors=0 available=8/8
LOAD  Fabhalta       1.20s pairs=3420 joined=3420 unjoined=0
AVAIL Fabhalta       1.12s errors=0 available=8/8
LOAD  Kisqali        1.12s pairs=3397 joined=3397 unjoined=0
AVAIL Kisqali        1.51s errors=0 available=8/8
FIT   Remibrutinib  digital_engagement          n=3354  ate=+0.1671 se=0.0238 CI=(+0.1206,+0.2137) excl0=True  3.19s rss=0.61G
FIT   Remibrutinib  speaker_program_invitation  n=3354  ate=+0.0863 se=0.0293 CI=(+0.0289,+0.1436) excl0=True  3.44s rss=0.62G
FIT   Remibrutinib  peer_influence_activation   n=3354  ate=+0.1062 se=0.0217 CI=(+0.0636,+0.1488) excl0=True  3.14s rss=0.62G
FIT   Remibrutinib  patient_support_program     n=3354  ate=+0.0820 se=0.0206 CI=(+0.0416,+0.1224) excl0=True  3.84s rss=0.62G
FIT   Remibrutinib  rep_training_quality        n=3354  ate=+0.0488 se=0.0203 CI=(+0.0091,+0.0886) excl0=True  3.33s rss=0.63G
TGT   Remibrutinib  digital_engagement@northeast n=715 ate=+0.2285 CI=(+0.0843,+0.3727) region_cate=+0.2285
FIT   Fabhalta      digital_engagement          n=3404  ate=+0.1683 se=0.0208 CI=(+0.1274,+0.2092) excl0=True  3.01s rss=0.64G
FIT   Fabhalta      speaker_program_invitation  n=3404  ate=+0.0981 se=0.0257 CI=(+0.0477,+0.1486) excl0=True  3.17s rss=0.64G
FIT   Fabhalta      peer_influence_activation   n=3404  ate=+0.0850 se=0.0250 CI=(+0.0361,+0.1340) excl0=True  2.94s rss=0.64G
FIT   Fabhalta      patient_support_program     n=3404  ate=+0.0673 se=0.0209 CI=(+0.0263,+0.1083) excl0=True  3.02s rss=0.65G
FIT   Fabhalta      rep_training_quality        n=3404  ate=+0.0020 se=0.0205 CI=(-0.0383,+0.0422) excl0=False 2.82s rss=0.65G
TGT   Fabhalta      digital_engagement@northeast n=736 ate=+0.1936 CI=(+0.1087,+0.2786) region_cate=+0.1936
FIT   Kisqali       digital_engagement          n=3378  ate=+0.1073 se=0.0228 CI=(+0.0627,+0.1520) excl0=True  2.75s rss=0.66G
FIT   Kisqali       speaker_program_invitation  n=3378  ate=+0.1194 se=0.0553 CI=(+0.0110,+0.2277) excl0=True  2.51s rss=0.66G
FIT   Kisqali       peer_influence_activation   n=3378  ate=+0.1151 se=0.0243 CI=(+0.0674,+0.1628) excl0=True  2.51s rss=0.66G
FIT   Kisqali       patient_support_program     n=3378  ate=+0.0706 se=0.0215 CI=(+0.0285,+0.1128) excl0=True  2.54s rss=0.67G
FIT   Kisqali       rep_training_quality        n=3378  ate=-0.0125 se=0.0200 CI=(-0.0517,+0.0268) excl0=False 2.6s rss=0.67G
TGT   Kisqali       digital_engagement@northeast n=750 ate=+0.1335 CI=(+0.0150,+0.2519) region_cate=+0.1335

===== VERDICT =====
  planted_exclude_0: 12/12
  null_covers_0: 2/3
  null_max_abs_ate: 0.04883828034720591
  rows_meet_min: True
  refusals: []
wrote /home/enunez/Projects/e2i_causal_analytics/.worktrees/twin-adopted-repoint/docs/demos/results/2026-09-28_t2_twin_adopted_repoint/live_probe.json
