run_at 2026-09-30T22:05:59.785119+00:00
git_head 9f66d1015

=== model=hcp_adoption_kisqali_goldstd_lr_v1 brand=Kisqali n=8 (test split, ordered by hcp_id)
hcp_id          single_p     batch_p    absdiff s_pred b_pred     other_p
scvhcp_03979  0.86840653  0.86840653   0.00e+00    1.0    1.0  0.94244345
scvhcp_03986  0.27800187  0.27800187   0.00e+00    0.0    0.0  0.34267388
scvhcp_03990  0.73017685  0.73017685   0.00e+00    1.0    1.0  0.46702117
scvhcp_03991  0.85675926  0.85675926   0.00e+00    1.0    1.0  0.68639145
scvhcp_03995  0.79713805  0.79713805   0.00e+00    1.0    1.0  0.93369385
scvhcp_03996  0.24875031  0.24875031   0.00e+00    0.0    0.0  0.31172844
scvhcp_03998  0.79332456  0.79332456   0.00e+00    1.0    1.0  0.57230812
scvhcp_04000  0.19793701  0.19793701   0.00e+00    0.0    0.0  0.18254926
max|single-batch|=0.000e+00  predictions_equal=True  single model_version=['hcp_adoption_kisqali_goldstd_lr_v1']  batch model_version=['None'] (sidecar BatchPredictionOutput has no model_id)
max|batch(hcp_adoption_kisqali_goldstd_lr_v1) - batch(hcp_adoption_fabhalta_goldstd_lr_v1)|=0.2632  other model_version=None
model_verdict PASS
sidecar default (no model_name) raw batch: status=200 error=None n_pred=0

=== model=hcp_adoption_fabhalta_goldstd_lr_v1 brand=Fabhalta n=8 (test split, ordered by hcp_id)
hcp_id          single_p     batch_p    absdiff s_pred b_pred     other_p
scvhcp_03982  0.33710292  0.33710292   0.00e+00    0.0    0.0  0.60202004
scvhcp_03989  0.72228440  0.72228440   0.00e+00    1.0    1.0  0.43867439
scvhcp_03993  0.71591932  0.71591932   0.00e+00    1.0    1.0  0.61079297
scvhcp_03995  0.93369385  0.93369385   0.00e+00    1.0    1.0  0.79713805
scvhcp_03998  0.57230812  0.57230812   0.00e+00    1.0    1.0  0.79332456
scvhcp_03999  0.45877082  0.45877082   0.00e+00    0.0    0.0  0.25845551
scvhcp_04002  0.78289866  0.78289866   0.00e+00    1.0    1.0  0.68004907
scvhcp_04007  0.91312426  0.91312426   0.00e+00    1.0    1.0  0.72644157
max|single-batch|=0.000e+00  predictions_equal=True  single model_version=['hcp_adoption_fabhalta_goldstd_lr_v1']  batch model_version=['None'] (sidecar BatchPredictionOutput has no model_id)
max|batch(hcp_adoption_fabhalta_goldstd_lr_v1) - batch(hcp_adoption_kisqali_goldstd_lr_v1)|=0.2836  other model_version=None
model_verdict PASS
sidecar default (no model_name) raw batch: status=200 error=None n_pred=0

VERDICT PASS
