PASS forecast_kpi_tool registered in E2I_CHATBOT_TOOLS :: ['agent_routing_tool', 'causal_analysis_tool', 'clinical_context_tool', 'conversation_memory_tool', 'document_retrieval_tool', 'e2i_data_query_tool', 'forecast_kpi_tool', 'kpi_calculate_tool', 'orchestrator_tool', 'predict_hcp_segment_likelihood_tool', 'tool_composer_tool']
PASS forecast_kpi_tool in E2I_TOOL_MAP :: ['agent_routing_tool', 'causal_analysis_tool', 'clinical_context_tool', 'conversation_memory_tool', 'document_retrieval_tool', 'e2i_data_query_tool', 'forecast_kpi_tool', 'kpi_calculate_tool', 'orchestrator_tool', 'predict_hcp_segment_likelihood_tool', 'tool_composer_tool']
PASS kpi_forecaster registry tool importable :: kpi_forecaster
PASS copilotkit prompt carries the forecast guidance :: - FORECASTING: use `forecast_kpi_tool` for any FORWARD-looking volume question (TRX, NRX, NBRX only — these are the KPIs stored as a canonical brand x region mo
PASS copilotkit prompt has no unsubstituted slot :: none
PASS copilotkit prompt names forecast_kpi_tool :: True
PASS chatbot_graph prompt carries the forecast guidance :: - FORECASTING: use `forecast_kpi_tool` for any FORWARD-looking volume question (TRX, NRX, NBRX only — these are the KPIs stored as a canonical brand x region mo
PASS chatbot_graph prompt has no unsubstituted slot :: none
PASS chatbot_graph prompt names forecast_kpi_tool :: True
worker_available=False :: no worker is consuming the 'forecast' queue
PASS real forecast succeeded :: None
PASS champion is a Holt-Winters model (worker dark) :: holt_winters_seasonal_add
PASS worker DARK: timesfm refused with a reason, not silently dropped :: {'timesfm_2_5': "the TimesFM forecast worker is not available: no worker is consuming the 'forecast' queue"}
PASS every served month has a band containing the point :: [('2026-09', 779229.5, 848331.7, 947209.3), ('2026-10', 788179.6, 858332.0, 955470.3), ('2026-11', 801955.4, 875063.9, 978742.4), ('2026-12', 826036.2, 907096.7, 1008798.2), ('2027-01', 735904.5, 809803.4, 909020.7), ('2027-02', 783734.1, 853613.8, 956157.2)]
PASS payload is strict-JSON serialisable (no NaN/Infinity) :: ok
  champion=holt_winters_seasonal_add  n=164  through=2026-08-31
    holt_winters_seasonal_add  MAPE   6.85%  origins=24
    holt_winters_seasonal_mul  MAPE   6.89%  origins=24
    holt_winters_trend         MAPE   7.38%  origins=24
    NOT RUN timesfm_2_5: the TimesFM forecast worker is not available: no worker is consuming the 'forecast' queue
    2026-09       848,332   [     779,230 ..      947,209]
    2026-10       858,332   [     788,180 ..      955,470]
    2026-11       875,064   [     801,955 ..      978,742]
    2026-12       907,097   [     826,036 ..    1,008,798]
    2027-01       809,803   [     735,904 ..      909,021]
    2027-02       853,614   [     783,734 ..      956,157]
PASS demo 6.5 FORECAST half -> kpi_forecaster :: {'q': "What's the Kisqali TRx forecast for the next two quarters?", 'tool': 'kpi_forecaster'}
PASS demo 6.5 RISK half -> a causal tool, NOT the entity risk_scorer :: {'q': 'What are the risks to that forecast?', 'tool': 'causal_effect_estimator'}
PASS CONTROL: an entity-scoring ask still reaches risk_scorer (the fix did not swallow it) :: {'q': 'Which HCP segments are highest risk of churn?', 'tool': 'risk_scorer'}
PASS degraded: forecast ask with NO forecaster registered still maps somewhere :: risk_scorer

VERDICT: PASS failures= []
