== preflight: deployed image must contain 6720959b8
image c16bdc8a9ac5b720a68e1a772568d34ff23200a4 contains #2264
== parent row (must show calibration_method=sigmoid, provenance synthetic_gold)
initiation_kisqali_goldstd_lr_v1 | 1.0 | sigmoid | synthetic_gold | 35a2cd41-4d85-4034-b1a0-1c2a61e3766e
T0=2026-09-28T19:34:06Z
{
    "job_id": "836578bf-0456-433d-9593-dbd373581579",
    "model_version": "4ec55d13-46c8-4df4-9ec8-7723fad67fb3",
    "status": "pending",
    "trigger_reason": "manual",
    "triggered_at": "2026-09-28T19:34:09.156917Z",
    "triggered_by": "owner_post2264_proof",
    "approved_at": null,
    "started_at": null,
    "completed_at": null,
    "performance_before": 0.735294,
    "performance_after": null,
    "notes": "post-#2264 live proof (#2242/#2255/#2257/#2248)"
}
== waiting for the job to finish (a run takes ~2 min)
== 1) history row (PASS: completed, new_metric_value ~0.83 vs goldstd 0.8505, new_model_version = <1.0>_retrained_<ts>_<hex>)
836578bf-0456-433d-9593-dbd373581579 | completed | 4ec55d13-46c8-4df4-9ec8-7723fad67fb3 | 1.0_retrained_20260928_1934_725a94 | 0.735294 | 0.835903 | candidate 'initiation_kisqali_goldstd_lr_v1' v'1.0_retrained_20260928_1934_725a94' registered as ml_model_registry row cff4f2b5-a87e-4947-aa2a-243a7fb0ee45; deployment_action='promote': register/promote only — no Bento packaged, no endpoint deployed
== 2) candidate registry row (PASS: same model_name, new version, SAME experiment_id as parent, provenance synthetic_gold, calibration sigmoid)
initiation_kisqali_goldstd_lr_v1 | 1.0 | 35a2cd41-4d85-4034-b1a0-1c2a61e3766e | synthetic_gold | sigmoid | staging
initiation_kisqali_goldstd_lr_v1 | 1.0_retrained_20260928_1617_d18ac8 | 35a2cd41-4d85-4034-b1a0-1c2a61e3766e | synthetic_gold | sigmoid | development
initiation_kisqali_goldstd_lr_v1 | 1.0_retrained_20260928_1934_725a94 | 35a2cd41-4d85-4034-b1a0-1c2a61e3766e | synthetic_gold | sigmoid | staging
== 3) episodic rows since T0 (PASS for #2157/#2120: all SIX agents incl. model_deployer, ONE shared audit_workflow_id, session NULL)
scope_definer | NULL | db585587-0996-4478-bbf5-7fa90e70b3eb
data_preparer | NULL | db585587-0996-4478-bbf5-7fa90e70b3eb
model_selector | NULL | db585587-0996-4478-bbf5-7fa90e70b3eb
model_trainer | NULL | db585587-0996-4478-bbf5-7fa90e70b3eb
feature_analyzer | NULL | db585587-0996-4478-bbf5-7fa90e70b3eb
model_deployer | NULL | db585587-0996-4478-bbf5-7fa90e70b3eb
== 4) no new experiment rows named after the physical label (PASS: 0 — #2257)
0
== 5) worker log: calibration + criteria
[2026-09-28 19:35:14,023: INFO/ForkPoolWorker-2] Calibration: ECE 0.1068 → 0.0295 (sigmoid)
[2026-09-28 19:35:14,078: INFO/ForkPoolWorker-2] Evaluation complete: success_criteria_met=True
[2026-09-28 19:36:01,945: INFO/ForkPoolWorker-2] Model training complete: LogisticRegression (success_criteria_met: True) in 84.50s
[2026-09-28 19:36:01,945: INFO/ForkPoolWorker-2] Stage 4 complete: training_run_id=train_632d80e88865, success_criteria_met=True, primary_metric=0.8363, hpo_trials=50, duration=84.84s
[2026-09-28 19:36:08,345: INFO/ForkPoolWorker-2] Task src.tasks.execute_model_retraining[99b02add-0cd2-4e2b-a36e-f0e902eac029] succeeded in 117.57126400247216s: {'status': 'completed', 'retraining_id': '836578bf-0456-433d-9593-dbd373581579', 'old_version': '4ec55d13-46c8-4df4-9ec8-7723fad67fb3', 'new_version': '1.0_retrained_20260928_1934_725a94', 'performance_after': 0.8359030654056568, 'calibration_method': 'sigmoid', 'mlflow_model_version': None, 'deployed': False, 'deployment_skipped_reason': 'deployment_action=\'promote\': register/promote only — no Bento packaged, no endpoint deployed', 'message': 'Model 1.0_retrained_20260928_1934_725a94 retrained; validation AUC=0.8359; deployment_action=\'promote\': register/promote only — no Bento packaged, no endpoint deployed'}
