== preflight: deployed image must contain 6720959b8
image 815478760bd63b41dbcbe21017f958bf3e4e8b18 contains #2264
== parent row (must show calibration_method=sigmoid, provenance synthetic_gold)
initiation_kisqali_goldstd_lr_v1 | 1.0 | sigmoid | synthetic_gold | 35a2cd41-4d85-4034-b1a0-1c2a61e3766e
T0=2026-09-28T16:17:40Z
{
    "job_id": "073c38eb-586b-4f83-adb3-4a7ec0d1d20b",
    "model_version": "4ec55d13-46c8-4df4-9ec8-7723fad67fb3",
    "status": "pending",
    "trigger_reason": "manual",
    "triggered_at": "2026-09-28T16:17:42.225035Z",
    "triggered_by": "owner_post2264_proof",
    "approved_at": null,
    "started_at": null,
    "completed_at": null,
    "performance_before": 0.735294,
    "performance_after": null,
    "notes": "post-#2264 live proof (#2242/#2255/#2257/#2248)"
}
== waiting for the job to finish (a run takes ~2 min)
== 1) history row (PASS: completed, new_metric_value ~0.83 vs goldstd 0.8505, new_model_version = <1.0>_retrained_<ts>_<hex>)
073c38eb-586b-4f83-adb3-4a7ec0d1d20b | failed | 4ec55d13-46c8-4df4-9ec8-7723fad67fb3 | 1.0_retrained_20260928_1617_d18ac8 | 0.735294 |  | validation_auc=0.8362325300671112 but no ml_model_registry row 'initiation_kisqali_goldstd_lr_v1' v'1.0_retrained_20260928_1617_d18ac8' written by this run (deployer reported None) — the candidate is not linked to the retrained model; job marked failed
== 2) candidate registry row (PASS: same model_name, new version, SAME experiment_id as parent, provenance synthetic_gold, calibration sigmoid)
initiation_kisqali_goldstd_lr_v1 | 1.0 | 35a2cd41-4d85-4034-b1a0-1c2a61e3766e | synthetic_gold | sigmoid | staging
initiation_kisqali_goldstd_lr_v1 | 1.0_retrained_20260928_1617_d18ac8 | 35a2cd41-4d85-4034-b1a0-1c2a61e3766e | synthetic_gold | sigmoid | development
== 3) episodic rows since T0 (PASS for #2157/#2120: all SIX agents incl. model_deployer, ONE shared audit_workflow_id, session NULL)
scope_definer | NULL | 8f416bca-dd6b-4b37-a317-672b9bb1b0a4
data_preparer | NULL | 8f416bca-dd6b-4b37-a317-672b9bb1b0a4
model_selector | NULL | 8f416bca-dd6b-4b37-a317-672b9bb1b0a4
model_trainer | NULL | 8f416bca-dd6b-4b37-a317-672b9bb1b0a4
feature_analyzer | NULL | 8f416bca-dd6b-4b37-a317-672b9bb1b0a4
== 4) no new experiment rows named after the physical label (PASS: 0 — #2257)
0
== 5) worker log: calibration + criteria
[2026-09-28 16:18:39,845: INFO/ForkPoolWorker-2] Calibration: ECE 0.1062 → 0.0223 (sigmoid)
[2026-09-28 16:18:39,900: INFO/ForkPoolWorker-2] Evaluation complete: success_criteria_met=True
[2026-09-28 16:19:30,191: INFO/ForkPoolWorker-2] Model training complete: LogisticRegression (success_criteria_met: True) in 83.58s
[2026-09-28 16:19:30,192: INFO/ForkPoolWorker-2] Stage 4 complete: training_run_id=train_4bb629b39daa, success_criteria_met=True, primary_metric=0.0000, hpo_trials=50, duration=83.96s
[2026-09-28 16:19:52,854: ERROR/ForkPoolWorker-2] Retraining 073c38eb-586b-4f83-adb3-4a7ec0d1d20b failed closed: validation_auc=0.8362325300671112 but no ml_model_registry row 'initiation_kisqali_goldstd_lr_v1' v'1.0_retrained_20260928_1617_d18ac8' written by this run (deployer reported None) — the candidate is not linked to the retrained model; job marked failed
