OK   attempt_evidence_sealed (local pre-check): pr2301
OK   attempt_is_latest_run_attempt: run 36436024496 attempt 1 job 109010989353
OK   attempt_evidence_matches_github: job 109010989353
OK   attempt_is_latest_deploy_run: 36436024496
NOTE pr2301.pre is a diagnostic only (and the dispatch-time lower bound for run lookup); no pass/fail decision reads it
OK   running:e2i_api: running
OK   health:e2i_api: healthy
OK   image_is_the_api_image:e2i_api: sha256:490d6c9bb27e90e64500961f30618f7ca94966c992da6a0bd0aecbbb8024bcd2
OK   image_replaced:e2i_api
OK   running:e2i_bentoml: running
OK   health:e2i_bentoml: healthy
OK   running:e2i_feast_materializer: running
OK   health:e2i_feast_materializer: healthy
OK   running:e2i_feast: running
OK   health:e2i_feast: healthy
OK   running:e2i_frontend: running
OK   health:e2i_frontend: healthy
OK   tag_sha_matches_api:e2i_frontend: 815478760bd63b41dbcbe21017f958bf3e4e8b18
OK   image_replaced:e2i_frontend
OK   running:e2i_scheduler: running
OK   health:e2i_scheduler: healthy
OK   image_is_the_api_image:e2i_scheduler: sha256:490d6c9bb27e90e64500961f30618f7ca94966c992da6a0bd0aecbbb8024bcd2
OK   image_replaced:e2i_scheduler
OK   running:e2i-causal-analytics-worker_light-1: running
OK   health:e2i-causal-analytics-worker_light-1: healthy
OK   image_is_the_api_image:e2i-causal-analytics-worker_light-1: sha256:490d6c9bb27e90e64500961f30618f7ca94966c992da6a0bd0aecbbb8024bcd2
OK   image_replaced:e2i-causal-analytics-worker_light-1
OK   running:e2i-causal-analytics-worker_light-2: running
OK   health:e2i-causal-analytics-worker_light-2: healthy
OK   image_is_the_api_image:e2i-causal-analytics-worker_light-2: sha256:490d6c9bb27e90e64500961f30618f7ca94966c992da6a0bd0aecbbb8024bcd2
OK   image_replaced:e2i-causal-analytics-worker_light-2
OK   running:e2i-causal-analytics-worker_medium-1: running
OK   health:e2i-causal-analytics-worker_medium-1: healthy
OK   image_is_the_api_image:e2i-causal-analytics-worker_medium-1: sha256:490d6c9bb27e90e64500961f30618f7ca94966c992da6a0bd0aecbbb8024bcd2
OK   image_replaced:e2i-causal-analytics-worker_medium-1
OK   replicas:api: 1
OK   replicas:bentoml: 1
OK   replicas:feast: 1
OK   replicas:feast-materializer: 1
OK   replicas:frontend: 1
OK   replicas:scheduler: 1
OK   replicas:worker_light: 2
OK   replicas:worker_medium: 1
OK   running_is_tag_image:e2i_bentoml: sha256:cfe539a110696f6a987c90d1bd1de62acb5b1063d5263392e3054e4d21ab8c99
OK   attempt_new_sha_is_the_running_api:e2i_bentoml: 815478760bd63b41dbcbe21017f958bf3e4e8b18
OK   bentoml_decision_matches_diff:e2i_bentoml: rebuilt
OK   running_is_build_result:e2i_bentoml sha256:cfe539a110696f6a987c90d1bd1de62acb5b1063d5263392e3054e4d21ab8c99
OK   bentoml_started_after_attempt:e2i_bentoml 2026-09-28T16:14:00.061429077Z
OK   running_is_tag_image:e2i_feast_materializer: sha256:bb0fe50635a61ca06aae75288f08d6718215f0614f488b44208433ac776d15e6
OK   attempt_new_sha_is_the_running_api:e2i_feast_materializer: 815478760bd63b41dbcbe21017f958bf3e4e8b18
OK   feast_up_succeeded:e2i_feast_materializer: yes
OK   build_decision_matches_diff:e2i_feast_materializer: rebuild
OK   rebuild_logged:e2i_feast_materializer: yes
OK   running_is_build_result:e2i_feast_materializer sha256:bb0fe50635a61ca06aae75288f08d6718215f0614f488b44208433ac776d15e6
OK   started_after_attempt:e2i_feast_materializer 2026-09-28T16:06:48.536114981Z
OK   code_manifest:e2i_feast_materializer: 6290a75cba98d164edd8cf4fdbd11be4fd6ef247b6fcc5d4492ac31837565b9d
OK   expected_manifest_is_the_merge_commit:e2i_feast_materializer: 6290a75cba98d164edd8cf4fdbd11be4fd6ef247b6fcc5d4492ac31837565b9d
OK   running_is_tag_image:e2i_feast: sha256:3cc2f8d8ce7b6e7779f4ee178ee63f349dd7e92e24086bf139872b9823a9ae54
OK   attempt_new_sha_is_the_running_api:e2i_feast: 815478760bd63b41dbcbe21017f958bf3e4e8b18
OK   feast_up_succeeded:e2i_feast: yes
OK   build_decision_matches_diff:e2i_feast: rebuild
OK   rebuild_logged:e2i_feast: yes
OK   running_is_build_result:e2i_feast sha256:3cc2f8d8ce7b6e7779f4ee178ee63f349dd7e92e24086bf139872b9823a9ae54
OK   started_after_attempt:e2i_feast 2026-09-28T16:06:15.905664428Z
OK   code_manifest:e2i_feast: 6290a75cba98d164edd8cf4fdbd11be4fd6ef247b6fcc5d4492ac31837565b9d
OK   expected_manifest_is_the_merge_commit:e2i_feast: 6290a75cba98d164edd8cf4fdbd11be4fd6ef247b6fcc5d4492ac31837565b9d
OK   migrations: 2
OK   canonical_registry_rows: 34
OK   schema_generation: contract (accepted here: expand contract)
OK   rekey_audit_table: t
OK   canonical_calculator_code: present
OK   feast_fields: triggers_accepted_count,triggers_delivered_count,triggers_total_count
OK   event_rows_left_under_005_008: 0
OK   cache_basis: canonical-trx-2026-09-15
OK   kpi_calculation: ok
OK   api_health: up
reseed cron held lines: 0
